// Vitest Snapshot v1, https://vitest.dev/guide/snapshot.html

exports[`NumberTickerInput > renders number ticker input correctly 1`] = `
"<style>div {
  position: relative;
  width: 100%;
  height: 22px;
}

input {
  display: block;
  box-sizing: border-box;
  min-width: 0;
  width: calc(100% - 20px);
  height: 22px;
  margin: 0;
  padding: 4px;
  border: var(--border-inset-grey);
  border-width: 2px;
  font-family: inherit;
  &::-webkit-inner-spin-button, &::-webkit-outer-spin-button {
    -webkit-appearance: none;
    border: var(--border-outset-grey);
    background: var(--bg-msgrey);
    opacity: 1px;
    height: 22px;
    top: 0;
    bottom: 0;
    border-width: 2px;
    box-sizing: border-box;
    position: absolute;
    width: 16px;
    right: 0;
  }

}

span {
  opacity: 1;
  margin: 0;
  padding: 0;
  background: var(--bg-msgrey);
  box-sizing: border-box;
  display: block;
  position: absolute;
  right: 0;
  height: 11px;
  width: 16px;
  border: var(--border-outset-grey);
  border-width: 2px;
  pointer-events: none;
  line-height: 0.7;
  color: black;
  font-size: 9px;
  font-family: inherit;
  text-align: center;
}

#a {
  bottom: 11px;
  border-top-color: transparent;
}

#b {
  top: 11px;
  border-bottom-color: transparent;
}

</style><div><input type="number" value="42" min="0" max="100" step="1"><span id="a">+</span><span id="b">-</span></div>"
`;
